(---------------------------------------------------------------------)
(                                                                     )
(    Allegro Netrev Import Logic                                      )
(                                                                     )
(    Drawing          : CC1310LAUNCHPAD.brd                           )
(    Software Version : 16.6P004                                      )
(    Date/Time        : Fri Jul 22 11:52:17 2016                      )
(                                                                     )
(---------------------------------------------------------------------)


------ Directives ------

RIPUP_ETCH FALSE;
RIPUP_DELETE_FIRST_SEGMENT FALSE;
RIPUP_RETAIN_BONDWIRE FALSE;
RIPUP_SYMBOLS ALWAYS;
Missing symbol has error FALSE;
SCHEMATIC_DIRECTORY 'F:\CP_SMARTGARDEN\ORCAD\ALLEGRO\ALLEGRO';
BOARD_DIRECTORY 'F:/CP_SMARTGARDEN/ORCAD/ALLEGRO/allegro';
OLD_BOARD_NAME 'F:/CP_SmartGarden/OrCAD/allegro/allegro/CC1310LAUNCHPAD.brd';
NEW_BOARD_NAME 'F:/CP_SMARTGARDEN/ORCAD/ALLEGRO/allegro/CC1310LAUNCHPAD.brd';

CmdLine: netrev.exe -y 1 -i F:\CP_SMARTGARDEN\ORCAD\ALLEGRO\ALLEGRO F:\CP_SmartGarden\OrCAD\allegro\allegro\CC1310LAUNCHPAD.brd F:\CP_SMARTGARDEN\ORCAD\ALLEGRO\allegro\CC1310LAUNCHPAD.brd

------ Preparing to read pst files ------

Starting to read F:/CP_SMARTGARDEN/ORCAD/ALLEGRO/ALLEGRO/pstchip.dat 
   Finished reading F:/CP_SMARTGARDEN/ORCAD/ALLEGRO/ALLEGRO/pstchip.dat (00:00:00.04)
Starting to read F:/CP_SMARTGARDEN/ORCAD/ALLEGRO/ALLEGRO/pstxprt.dat 
   Finished reading F:/CP_SMARTGARDEN/ORCAD/ALLEGRO/ALLEGRO/pstxprt.dat (00:00:00.00)
Starting to read F:/CP_SMARTGARDEN/ORCAD/ALLEGRO/ALLEGRO/pstxnet.dat 
   Finished reading F:/CP_SMARTGARDEN/ORCAD/ALLEGRO/ALLEGRO/pstxnet.dat (00:00:00.00)

------ Oversights/Warnings/Errors ------


------ Library Paths ------
MODULEPATH =  . 
           C:/Cadence/SPB_16.6/share/local/pcb/modules 

PSMPATH =  . 
           symbols 
           .. 
           ../symbols 
           C:/Cadence/SPB_16.6/share/local/pcb/symbols 
           C:/Cadence/SPB_16.6/share/pcb/pcb_lib/symbols 
           C:/Cadence/SPB_16.6/share/pcb/allegrolib/symbols 

PADPATH =  . 
           symbols 
           .. 
           ../symbols 
           C:/Cadence/SPB_16.6/share/local/pcb/padstacks 
           C:/Cadence/SPB_16.6/share/pcb/pcb_lib/symbols 
           C:/Cadence/SPB_16.6/share/pcb/allegrolib/symbols 


------ Summary Statistics ------


netrev run on Jul 22 11:52:17 2016
   DESIGN NAME : 'CC1310LAUNCHPAD'
   PACKAGING ON Sep 10 2012 04:46:09

   COMPILE 'logic'
   CHECK_PIN_NAMES OFF
   CROSS_REFERENCE OFF
   FEEDBACK OFF
   INCREMENTAL OFF
   INTERFACE_TYPE PHYSICAL
   MAX_ERRORS 500
   MERGE_MINIMUM 5
   NET_NAME_CHARS '#%&()*+-./:=>?@[]^_`|'
   NET_NAME_LENGTH 24
   OVERSIGHTS ON
   REPLACE_CHECK OFF
   SINGLE_NODE_NETS ON
   SPLIT_MINIMUM 0
   SUPPRESS   20
   WARNINGS ON

 No error detected
 No oversight detected
 No warning detected

cpu time      0:00:42
elapsed time  0:00:00

